// Jest Snapshot v1, https://goo.gl/fbAQLP

exports[`Bill 1`] = `
<div>
  <div
    class="card"
  >
    <div
      class="card-header"
    >
      <div
        class="card-header-title"
      >
        #
        0
         — 
        2021-01-01
         — 
        $11.11
         — 
        Synergy
         (#
        0
        )
        <div
          class="buttons"
        >
          <button
            class="is-small button"
            tabindex="0"
          >
            Delete
          </button>
          <button
            class="is-small button"
            tabindex="0"
          >
            Add payment
          </button>
        </div>
      </div>
    </div>
    <div
      class="card-content"
    >
      <ul>
        <li>
          Fred
           — 
          $5
           — 
          <button
            class="is-small button"
            tabindex="0"
          >
            Unpaid
          </button>
        </li>
      </ul>
    </div>
    <div
      class="card-footer"
    />
  </div>
</div>
`;

exports[`Bill 2`] = `
<div>
  <div
    class="card"
  >
    <div
      class="card-header"
    >
      <div
        class="card-header-title"
      >
        #
        0
         — 
        2021-01-01
         — 
        $11.11
         — 
        Synergy
         (#
        0
        )
        <div
          class="buttons"
        >
          <button
            class="is-small button"
            tabindex="0"
          >
            Delete
          </button>
          <button
            class="is-small button"
            tabindex="0"
          >
            Add payment
          </button>
        </div>
      </div>
    </div>
    <div
      class="card-content"
    >
      <ul>
        <li>
          Fred
           — 
          $5
           — 
          <button
            class="is-small button"
            tabindex="0"
          >
            Unpaid
          </button>
        </li>
      </ul>
    </div>
    <div
      class="card-footer"
    />
  </div>
</div>
`;

exports[`EnterPaymentModal 1`] = `
<div>
  <form
    class="modal-card"
  >
    <header
      class="modal-card-head"
    >
      <p
        class="modal-card-title"
      >
        Enter payment for 
        Hello
      </p>
      <button
        class="delete"
        tabindex="0"
      />
    </header>
    <section
      class="modal-card-body"
    >
      <div
        class="field"
      >
        <label
          class="label"
        >
          Select a transaction
        </label>
        <div
          class="control"
        >
          <div
            class="select is-loading"
          >
            <select
              required=""
            >
              <option
                value=""
              >
                Select a transaction
              </option>
            </select>
          </div>
          <button>
            Load More
          </button>
        </div>
      </div>
    </section>
    <div
      class="buttons modal-card-foot"
    >
      <button
        class="button"
        tabindex="0"
        type="submit"
      >
        Pay
      </button>
    </div>
  </form>
</div>
`;
